12:16:22 [INFO] live_editor: Session log started -> D:\video-stuff\pyqt-exec\logs\session-20260818-121622.log
12:16:30 [INFO] live_editor: Starting Live Editor app
12:16:37 [INFO] live_editor: Found 5 camera(s): ['Camera 0', 'Camera 1', 'Camera 2', 'Camera 3', 'Camera 5']
12:16:38 [INFO] live_editor: Voice profile selected: Elon (reference=D:\video-stuff\pyqt-exec\profiles\Elon\elon.m4a, fillers=17, model=ccd9eaf828444cc5b1bbc711d7acf9ca)
12:16:38 [INFO] live_editor: Window shown. Logging to D:\video-stuff\pyqt-exec\logs\session-20260818-121622.log
12:23:44 [INFO] live_editor: Reference image selected: D:/video-stuff/pyqt-exec/faces/rg.jpg
12:23:44 [INFO] live_editor: Uploading reference image to fal storage...
12:23:51 [INFO] live_editor: Starting session (camera index 1)...
12:23:51 [INFO] live_editor: Requesting realtime token from fal.ai...
12:23:54 [INFO] live_editor: Connected to fal realtime signaling channel
12:23:54 [INFO] live_editor: Sent initial prompt to Lucy 2.5
12:23:55 [INFO] live_editor: Received ICE servers, creating RTCPeerConnection
12:23:55 [INFO] live_editor: Reference image uploaded: https://v3b.fal.media/files/b/0aa6d35a/dkT30Ke2GPUPJBaajduum_rg.jpg
12:23:57 [INFO] live_editor: Stopping session...
12:23:57 [INFO] live_editor: Session stopped
12:24:05 [INFO] live_editor: Starting session (camera index 3)...
12:24:05 [INFO] live_editor: Requesting realtime token from fal.ai...
12:24:08 [INFO] live_editor: Connected to fal realtime signaling channel
12:24:08 [INFO] live_editor: Sent initial prompt to Lucy 2.5
12:24:08 [INFO] live_editor: Stopping session...
12:24:08 [INFO] live_editor: Session stopped
12:24:14 [INFO] live_editor: Starting session (camera index 0)...
12:24:14 [INFO] live_editor: Requesting realtime token from fal.ai...
12:24:17 [INFO] live_editor: Connected to fal realtime signaling channel
12:24:17 [INFO] live_editor: Sent initial prompt to Lucy 2.5
12:24:18 [INFO] live_editor: Received ICE servers, creating RTCPeerConnection
12:24:18 [INFO] live_editor: Stopping session...
12:24:18 [INFO] live_editor: Session stopped
12:24:23 [INFO] live_editor: Starting session (camera index 2)...
12:24:25 [INFO] live_editor: Requesting realtime token from fal.ai...
12:24:27 [INFO] live_editor: Connected to fal realtime signaling channel
12:24:27 [INFO] live_editor: Sent initial prompt to Lucy 2.5
12:24:28 [INFO] live_editor: Received ICE servers, creating RTCPeerConnection
12:24:33 [INFO] live_editor: Sent SDP offer
12:24:33 [INFO] live_editor: Receiving edited output track
12:24:33 [INFO] live_editor: Received SDP answer -- session is live
12:25:35 [INFO] live_editor: Output view expanded into its own window
