19:54:43 [INFO] live_editor: Session log started -> D:\video-stuff\pyqt-exec\logs\session-20260814-195443.log
19:54:52 [INFO] live_editor: Starting Live Editor app
19:54:58 [INFO] live_editor: Found 4 camera(s): ['Camera 0', 'Camera 1', 'Camera 3', 'Camera 5']
19:54:58 [INFO] live_editor: Voice profile selected: Elon (reference=D:\video-stuff\pyqt-exec\profiles\Elon\elon.m4a, fillers=17, model=ccd9eaf828444cc5b1bbc711d7acf9ca)
19:54:59 [INFO] live_editor: Window shown. Logging to D:\video-stuff\pyqt-exec\logs\session-20260814-195443.log
19:55:37 [INFO] live_editor: Reference image selected: D:/decart/wwww.jpeg
19:55:37 [INFO] live_editor: Uploading reference image to fal storage...
19:55:49 [INFO] live_editor: Reference image uploaded: https://v3b.fal.media/files/b/0aa656de/6CDnV-ANtPzVaHRf7FomD_wwww.jpeg
19:55:54 [INFO] live_editor: Starting session (camera index 0)...
19:55:54 [INFO] live_editor: Requesting realtime token from fal.ai...
19:55:57 [WARNING] live_editor: Camera list refreshed while a session is active; restart the session to apply a new selection.
19:56:00 [INFO] live_editor: Found 5 camera(s): ['Camera 0', 'Camera 1', 'Camera 2', 'Camera 3', 'Camera 5']
19:56:06 [INFO] live_editor: Stopping session...
19:56:06 [INFO] live_editor: Session stopped
19:56:08 [INFO] live_editor: Connected to fal realtime signaling channel
19:56:08 [INFO] live_editor: Sent initial prompt to Lucy 2.5
19:56:11 [INFO] live_editor: Starting session (camera index 1)...
19:56:12 [INFO] live_editor: Requesting realtime token from fal.ai...
19:56:15 [INFO] live_editor: Stopping session...
19:56:15 [INFO] live_editor: Session stopped
19:56:16 [INFO] live_editor: Connected to fal realtime signaling channel
19:56:16 [INFO] live_editor: Sent initial prompt to Lucy 2.5
19:56:21 [INFO] live_editor: Starting session (camera index 2)...
19:56:23 [INFO] live_editor: Requesting realtime token from fal.ai...
19:56:30 [INFO] live_editor: Connected to fal realtime signaling channel
19:56:30 [INFO] live_editor: Sent initial prompt to Lucy 2.5
19:57:31 [INFO] live_editor: Stopping session...
19:57:31 [INFO] live_editor: Session stopped
19:57:33 [INFO] live_editor: Reference image cleared
19:57:35 [INFO] live_editor: Reference image selected: D:/decart/RileyGreen_2070-x-1080 (1).jpg
19:57:35 [INFO] live_editor: Uploading reference image to fal storage...
19:57:36 [INFO] live_editor: Starting session (camera index 2)...
19:57:37 [INFO] live_editor: Requesting realtime token from fal.ai...
19:57:38 [INFO] live_editor: Stopping session...
19:57:38 [INFO] live_editor: Session stopped
19:57:42 [INFO] live_editor: Starting session (camera index 2)...
19:57:43 [INFO] live_editor: Requesting realtime token from fal.ai...
19:57:44 [INFO] live_editor: Connected to fal realtime signaling channel
19:57:44 [ERROR] live_editor: WebRTC connection failed: Not connected
19:57:44 [ERROR] live_editor: Not connected
19:57:44 [ERROR] live_editor: Reference image upload failed: Storage upload failed (404): Specified object does not exist
19:57:44 [ERROR] live_editor: Reference image upload failed: Storage upload failed (404): Specified object does not exist
19:57:49 [INFO] live_editor: Connected to fal realtime signaling channel
19:57:49 [INFO] live_editor: Sent initial prompt to Lucy 2.5
19:57:58 [INFO] live_editor: Stopping session...
19:57:59 [INFO] live_editor: Session stopped
19:58:02 [INFO] live_editor: Starting session (camera index 2)...
19:58:03 [INFO] live_editor: Stopping session...
19:58:03 [INFO] live_editor: Session stopped
19:58:03 [INFO] live_editor: Requesting realtime token from fal.ai...
19:58:05 [INFO] live_editor: Reference image cleared
19:58:12 [INFO] live_editor: Reference image selected: D:/decart/RileyGreen_2070-x-1080 (1).jpg
19:58:12 [INFO] live_editor: Uploading reference image to fal storage...
19:58:21 [INFO] live_editor: Connected to fal realtime signaling channel
19:58:21 [INFO] live_editor: Sent initial prompt to Lucy 2.5
19:58:28 [ERROR] live_editor: Reference image upload failed: Storage upload failed (404): Specified object does not exist
19:58:28 [ERROR] live_editor: Reference image upload failed: Storage upload failed (404): Specified object does not exist
19:58:29 [INFO] live_editor: Starting session (camera index 2)...
19:58:31 [INFO] live_editor: Requesting realtime token from fal.ai...
19:58:31 [INFO] live_editor: Stopping session...
19:58:32 [INFO] live_editor: Session stopped
19:58:37 [INFO] live_editor: Connected to fal realtime signaling channel
19:58:37 [INFO] live_editor: Sent initial prompt to Lucy 2.5
19:58:40 [INFO] live_editor: Starting session (camera index 2)...
19:58:42 [INFO] live_editor: Requesting realtime token from fal.ai...
19:58:51 [INFO] live_editor: Connected to fal realtime signaling channel
19:58:51 [INFO] live_editor: Sent initial prompt to Lucy 2.5
19:59:33 [INFO] live_editor: Main window closing
19:59:33 [INFO] live_editor: Stopping session...
19:59:33 [INFO] live_editor: Session stopped
19:59:33 [INFO] live_editor: App exiting
