11:02:31 [INFO] live_editor: Session log started -> D:\video-stuff\pyqt-exec\logs\session-20260803-110231.log
11:02:32 [INFO] live_editor: Starting Live Editor app
11:02:59 [INFO] live_editor: Found 4 camera(s): ['Camera 1', 'Camera 2', 'Camera 3', 'Camera 5']
11:02:59 [INFO] live_editor: Voice profile selected: Elon (reference=D:\video-stuff\pyqt-exec\profiles\Elon\elon.m4a, fillers=17, model=ccd9eaf828444cc5b1bbc711d7acf9ca)
11:03:00 [INFO] live_editor: Window shown. Logging to D:\video-stuff\pyqt-exec\logs\session-20260803-110231.log
11:03:18 [INFO] live_editor: Reference image selected: D:/video-stuff/pyqt-exec/faces/character.jpg
11:03:19 [INFO] live_editor: Uploading reference image to fal storage...
11:03:23 [INFO] live_editor: Reference image uploaded: https://v3b.fal.media/files/b/0aa4d724/q8opWfblu4Wy4ZHrxfvMz_character.jpg
11:03:33 [INFO] live_editor: Starting session (camera index 1)...
11:03:34 [INFO] live_editor: Requesting realtime token from fal.ai...
11:03:38 [INFO] live_editor: Connected to fal realtime signaling channel
11:03:38 [INFO] live_editor: Sent initial prompt to Lucy 2.5
11:03:38 [INFO] live_editor: Received ICE servers, creating RTCPeerConnection
11:03:43 [INFO] live_editor: Sent SDP offer
11:03:45 [INFO] live_editor: Receiving edited output track
11:03:45 [INFO] live_editor: Received SDP answer -- session is live
11:05:07 [INFO] live_editor: Stopping session...
11:05:07 [INFO] live_editor: Session stopped
11:05:13 [INFO] live_editor: Starting session (camera index 1)...
11:05:13 [INFO] live_editor: Requesting realtime token from fal.ai...
11:05:18 [INFO] live_editor: Connected to fal realtime signaling channel
11:05:18 [INFO] live_editor: Sent initial prompt to Lucy 2.5
11:05:19 [INFO] live_editor: Received ICE servers, creating RTCPeerConnection
11:05:24 [INFO] live_editor: Sent SDP offer
11:05:24 [INFO] live_editor: Receiving edited output track
11:05:24 [INFO] live_editor: Received SDP answer -- session is live
11:06:06 [INFO] live_editor: Stopping session...
11:06:06 [INFO] live_editor: Session stopped
11:06:07 [INFO] live_editor: Reference image cleared
11:06:15 [INFO] live_editor: Reference image selected: D:/video-stuff/pyqt-exec/faces/elon-2.webp
11:06:15 [INFO] live_editor: Uploading reference image to fal storage...
11:06:16 [INFO] live_editor: Starting session (camera index 1)...
11:06:17 [INFO] live_editor: Requesting realtime token from fal.ai...
11:06:17 [INFO] live_editor: Reference image uploaded: https://v3b.fal.media/files/b/0aa4d735/Z8Bbguxth7yzWUYpEOkib_elon-2.webp
11:06:23 [INFO] live_editor: Connected to fal realtime signaling channel
11:06:23 [INFO] live_editor: Sent initial prompt to Lucy 2.5
11:06:23 [INFO] live_editor: Received ICE servers, creating RTCPeerConnection
11:06:28 [INFO] live_editor: Sent SDP offer
11:06:28 [INFO] live_editor: Receiving edited output track
11:06:28 [INFO] live_editor: Received SDP answer -- session is live
11:07:02 [INFO] live_editor: Stopping session...
11:07:02 [INFO] live_editor: Session stopped
11:07:46 [INFO] live_editor: Reference image selected: D:/video-stuff/pyqt-exec/faces/morgan.jpeg
11:07:46 [INFO] live_editor: Uploading reference image to fal storage...
11:07:50 [INFO] live_editor: Reference image uploaded: https://v3b.fal.media/files/b/0aa4d74f/EJtRFY7A5bvvnX5b65-bS_morgan.jpeg
11:07:52 [INFO] live_editor: Starting session (camera index 1)...
11:07:53 [INFO] live_editor: Requesting realtime token from fal.ai...
11:08:01 [INFO] live_editor: Connected to fal realtime signaling channel
11:08:01 [INFO] live_editor: Sent initial prompt to Lucy 2.5
11:08:02 [INFO] live_editor: Received ICE servers, creating RTCPeerConnection
11:08:07 [INFO] live_editor: Sent SDP offer
11:08:08 [INFO] live_editor: Receiving edited output track
11:08:08 [INFO] live_editor: Received SDP answer -- session is live
11:08:34 [INFO] live_editor: Main window closing
11:08:34 [INFO] live_editor: Stopping session...
11:08:34 [INFO] live_editor: Session stopped
11:08:34 [INFO] live_editor: App exiting
